#######################################################################################
# log primitive debug message of FSDB dumping                                         #
# This is for R&D to analyze when there are issues happening when FSDB dump           #
#######################################################################################
ANF: vcsd_get_serial_mode_status('./simv: undefined symbol: vcsd_get_serial_mode_status')
ANF: vcsd_enable_sva_success_callback('./simv: undefined symbol: vcsd_enable_sva_success_callback')
ANF: vcsd_disable_sva_success_callback('./simv: undefined symbol: vcsd_disable_sva_success_callback')
ANF: vcsd_get_power_scope_name('./simv: undefined symbol: vcsd_get_power_scope_name')
ANF: vcsd_begin_no_value_var_info('./simv: undefined symbol: vcsd_begin_no_value_var_info')
ANF: vcsd_end_no_value_var_info('./simv: undefined symbol: vcsd_end_no_value_var_info')
ANF: vcsd_remove_xprop_merge_mode_callback('./simv: undefined symbol: vcsd_remove_xprop_merge_mode_callback')
ANF: vhpi_get_cb_info('./simv: undefined symbol: vhpi_get_cb_info')
ANF: vhpi_free_handle('./simv: undefined symbol: vhpi_free_handle')
ANF: vhpi_fetch_vcsd_handle('./simv: undefined symbol: vhpi_fetch_vcsd_handle')
ANF: vhpi_fetch_vpi_handle('./simv: undefined symbol: vhpi_fetch_vpi_handle')
ANF: vhpi_has_verilog_parent('./simv: undefined symbol: vhpi_has_verilog_parent')
ANF: vhpi_is_verilog_scope('./simv: undefined symbol: vhpi_is_verilog_scope')
ANF: scsd_xprop_is_enabled('./simv: undefined symbol: scsd_xprop_is_enabled')
ANF: scsd_xprop_sig_is_promoted('./simv: undefined symbol: scsd_xprop_sig_is_promoted')
ANF: scsd_xprop_int_xvalue('./simv: undefined symbol: scsd_xprop_int_xvalue')
ANF: scsd_xprop_bool_xvalue('./simv: undefined symbol: scsd_xprop_bool_xvalue')
ANF: scsd_xprop_enum_xvalue('./simv: undefined symbol: scsd_xprop_enum_xvalue')
ANF: scsd_xprop_register_merge_mode_cb('./simv: undefined symbol: scsd_xprop_register_merge_mode_cb')
ANF: scsd_xprop_delete_merge_mode_cb('./simv: undefined symbol: scsd_xprop_delete_merge_mode_cb')
ANF: scsd_xprop_get_merge_mode('./simv: undefined symbol: scsd_xprop_get_merge_mode')
ANF: scsd_thread_get_info('./simv: undefined symbol: scsd_thread_get_info')
ANF: scsd_thread_vc_init('./simv: undefined symbol: scsd_thread_vc_init')
ANF: scsd_master_set_delta_sync_cbk('./simv: undefined symbol: scsd_master_set_delta_sync_cbk')
ANF: scsd_fgp_get_fsdb_cores('./simv: undefined symbol: scsd_fgp_get_fsdb_cores')
ANF: scsd_fgp_get_is_cpu_affinity_disabled('./simv: undefined symbol: scsd_fgp_get_is_cpu_affinity_disabled')
ANF: vhdi_dt_get_type('./simv: undefined symbol: vhdi_dt_get_type')
ANF: vhdi_dt_get_key('./simv: undefined symbol: vhdi_dt_get_key')
ANF: vhdi_dt_get_vhdl_enum_info('./simv: undefined symbol: vhdi_dt_get_vhdl_enum_info')
ANF: vhdi_dt_get_vhdl_physical_info('./simv: undefined symbol: vhdi_dt_get_vhdl_physical_info')
ANF: vhdi_dt_get_vhdl_array_info('./simv: undefined symbol: vhdi_dt_get_vhdl_array_info')
ANF: vhdi_dt_get_vhdl_record_info('./simv: undefined symbol: vhdi_dt_get_vhdl_record_info')
ANF: vhdi_def_traverse_module('./simv: undefined symbol: vhdi_def_traverse_module')
ANF: vhdi_def_traverse_scope('./simv: undefined symbol: vhdi_def_traverse_scope')
ANF: vhdi_def_traverse_variable('./simv: undefined symbol: vhdi_def_traverse_variable')
ANF: vhdi_def_get_module_id_by_vhpi('./simv: undefined symbol: vhdi_def_get_module_id_by_vhpi')
ANF: vhdi_def_get_handle_by_module_id('./simv: undefined symbol: vhdi_def_get_handle_by_module_id')
ANF: vhdi_def_get_variable_info_by_vhpi('./simv: undefined symbol: vhdi_def_get_variable_info_by_vhpi')
ANF: vhdi_def_free('./simv: undefined symbol: vhdi_def_free')
ANF: vhdi_ist_traverse_scope('./simv: undefined symbol: vhdi_ist_traverse_scope')
ANF: vhdi_ist_traverse_variable('./simv: undefined symbol: vhdi_ist_traverse_variable')
ANF: vhdi_ist_convert_by_vhpi('./simv: undefined symbol: vhdi_ist_convert_by_vhpi')
ANF: vhdi_ist_clone('./simv: undefined symbol: vhdi_ist_clone')
ANF: vhdi_ist_free('./simv: undefined symbol: vhdi_ist_free')
ANF: vhdi_ist_hash_key('./simv: undefined symbol: vhdi_ist_hash_key')
ANF: vhdi_ist_compare('./simv: undefined symbol: vhdi_ist_compare')
ANF: vhdi_ist_get_value_addr('./simv: undefined symbol: vhdi_ist_get_value_addr')
ANF: vhdi_set_scsd_callback('./simv: undefined symbol: vhdi_set_scsd_callback')
ANF: vhdi_cbk_set_force_callback('./simv: undefined symbol: vhdi_cbk_set_force_callback')
ANF: vhdi_trigger_init_force('./simv: undefined symbol: vhdi_trigger_init_force')
ANF: vhdi_ist_check_scsd_callback('./simv: undefined symbol: vhdi_ist_check_scsd_callback')
ANF: vhdi_ist_add_scsd_callback('./simv: undefined symbol: vhdi_ist_add_scsd_callback')
ANF: vhdi_ist_remove_scsd_callback('./simv: undefined symbol: vhdi_ist_remove_scsd_callback')
ANF: vhdi_ist_get_scsd_user_data('./simv: undefined symbol: vhdi_ist_get_scsd_user_data')
ANF: vhdi_add_time_change_callback('./simv: undefined symbol: vhdi_add_time_change_callback')
ANF: vhdi_get_real_value_by_value_addr('./simv: undefined symbol: vhdi_get_real_value_by_value_addr')
ANF: vhdi_get_64_value_by_value_addr('./simv: undefined symbol: vhdi_get_64_value_by_value_addr')
ANF: vhdi_xprop_inst_is_promoted('./simv: undefined symbol: vhdi_xprop_inst_is_promoted')
ANF: vdi_ist_convert_by_vhdi('./simv: undefined symbol: vdi_ist_convert_by_vhdi')
ANF: vhdi_ist_get_module_id('./simv: undefined symbol: vhdi_ist_get_module_id')
ANF: vhdi_refine_foreign_scope_type('./simv: undefined symbol: vhdi_refine_foreign_scope_type')
ANF: vhdi_flush_callback('./simv: undefined symbol: vhdi_flush_callback')
ANF: vhdi_set_orig_name('./simv: undefined symbol: vhdi_set_orig_name')
ANF: vhdi_set_dump_pt('./simv: undefined symbol: vhdi_set_dump_pt')
ANF: vhdi_get_fsdb_option('./simv: undefined symbol: vhdi_get_fsdb_option')
ANF: vhdi_fgp_get_mode('./simv: undefined symbol: vhdi_fgp_get_mode')
ANF: vhdi_node_register_composite_var('./simv: undefined symbol: vhdi_node_register_composite_var')
ANF: vhdi_node_analysis('./simv: undefined symbol: vhdi_node_analysis')
ANF: vhdi_node_id('./simv: undefined symbol: vhdi_node_id')
ANF: vhdi_node_ist_check_scsd_callback('./simv: undefined symbol: vhdi_node_ist_check_scsd_callback')
ANF: vhdi_node_ist_add_scsd_callback('./simv: undefined symbol: vhdi_node_ist_add_scsd_callback')
ANF: vhdi_node_ist_get_value_addr('./simv: undefined symbol: vhdi_node_ist_get_value_addr')
ANF: vhdi_enc_def_traverse_module('./simv: undefined symbol: vhdi_enc_def_traverse_module')
ANF: vhdi_enc_def_traverse_scope('./simv: undefined symbol: vhdi_enc_def_traverse_scope')
ANF: vhdi_enc_def_traverse_variable('./simv: undefined symbol: vhdi_enc_def_traverse_variable')
ANF: vhdi_enc_ist_traverse_scope('./simv: undefined symbol: vhdi_enc_ist_traverse_scope')
ANF: vhdi_enc_ist_traverse_variable('./simv: undefined symbol: vhdi_enc_ist_traverse_variable')
ANF: vhdi_enc_ist_get_module_id('./simv: undefined symbol: vhdi_enc_ist_get_module_id')
ANF: vhdi_enc_def_get_handle_by_module_id('./simv: undefined symbol: vhdi_enc_def_get_handle_by_module_id')
VCS compile option:
 option[0]: ./simv
 option[1]: -R
 option[2]: +fsdb
 option[3]: /home/eda/synopsys/vcs/T-2022.06/linux64/bin/vcs1
 option[4]: -Mcc=gcc
 option[5]: -Mcplusplus=g++
 option[6]: -Masflags=
 option[7]: -Mcfl= -pipe -fPIC -O -I/home/eda/synopsys/vcs/T-2022.06/include 
 option[8]: -Mxllcflags=
 option[9]: -Mxcflags= -pipe -fPIC -I/home/eda/synopsys/vcs/T-2022.06/include
 option[10]: -Mldflags= -rdynamic 
 option[11]: -Mout=simv
 option[12]: -Mamsrun=
 option[13]: -Mvcsaceobjs=
 option[14]: -Mobjects= /home/eda/synopsys/vcs/T-2022.06/linux64/lib/libvirsim.so /home/eda/synopsys/vcs/T-2022.06/linux64/lib/liberrorinf.so /home/eda/synopsys/vcs/T-2022.06/linux64/lib/libsnpsmalloc.so /home/eda/synopsys/vcs/T-2022.06/linux64/lib/libvfs.so 
 option[15]: -Mexternalobj=
 option[16]: -Msaverestoreobj=/home/eda/synopsys/vcs/T-2022.06/linux64/lib/vcs_save_restore_new.o
 option[17]: -Mcrt0=
 option[18]: -Mcrtn=
 option[19]: -Mcsrc=
 option[20]: -Msyslibs=/home/eda/synopsys/verdi/T-2022.06/share/PLI/VCS/LINUX64/pli.a -ldl 
 option[21]: -Xvcs_run_simv=1
 option[22]: -full64
 option[23]: -debug_access
 option[24]: +vpi
 option[25]: +vcsd1
 option[26]: +itf+/home/eda/synopsys/vcs/T-2022.06/linux64/lib/vcsdp_lite.tab
 option[27]: -timescale=1ns/1ns
 option[28]: -o
 option[29]: simv
 option[30]: +define+FSDB
 option[31]: -picarchive
 option[32]: -P
 option[33]: /home/eda/synopsys/verdi/T-2022.06/share/PLI/VCS/LINUX64/verdi.tab
 option[34]: -fsdb
 option[35]: -gen_obj
 option[36]: -v
 option[37]: smic13g.v
 option[38]: -v
 option[39]: SP013D3_V1p2.v
 option[40]: control_test.v
 option[41]: control_pad_final.v
 option[42]: -load
 option[43]: /home/eda/synopsys/verdi/T-2022.06/share/PLI/VCS/LINUX64/libnovas.so:FSDBDumpCmd
 option[44]: timescale=1ns/1ns
Chronologic Simulation VCS Release T-2022.06_Full64
Linux 3.10.0-1160.108.1.el7.x86_64 #1 SMP Thu Jan 25 16:17:31 UTC 2024 x86_64
CPU cores: 20
Limit information:
======================================
cputime		unlimited
filesize		unlimited
datasize		unlimited
stacksize		8192 kbytes
coredumpsize		0 kbytes
memoryuse		unlimited
vmemoryuse		unlimited
descriptors		4096
memorylocked		64 kbytes
maxproc		4096
======================================
(Special)Runtime environment variables:

Runtime environment variables:
XDG_SESSION_ID=1565
HOSTNAME=eda
SELINUX_ROLE_REQUESTED=
TERM=xterm-256color
SHELL=/bin/bash
HISTSIZE=1000
SSH_CLIENT=10.29.124.72 4759 22
SELINUX_USE_CURRENT_RANGE=
QTDIR=/usr/lib64/qt-3.3
QTINC=/usr/lib64/qt-3.3/include
SSH_TTY=/dev/pts/20
QT_GRAPHICSSYSTEM_CHECKED=1
USER=user123
LS_COLORS=rs=0:di=38;5;27:ln=38;5;51:mh=44;38;5;15:pi=40;38;5;11:so=38;5;13:do=38;5;5:bd=48;5;232;38;5;11:cd=48;5;232;38;5;3:or=48;5;232;38;5;9:mi=05;48;5;232;38;5;15:su=48;5;196;38;5;15:sg=48;5;11;38;5;16:ca=48;5;196;38;5;226:tw=48;5;10;38;5;16:ow=48;5;10;38;5;21:st=48;5;21;38;5;15:ex=38;5;34:*.tar=38;5;9:*.tgz=38;5;9:*.arc=38;5;9:*.arj=38;5;9:*.taz=38;5;9:*.lha=38;5;9:*.lz4=38;5;9:*.lzh=38;5;9:*.lzma=38;5;9:*.tlz=38;5;9:*.txz=38;5;9:*.tzo=38;5;9:*.t7z=38;5;9:*.zip=38;5;9:*.z=38;5;9:*.Z=38;5;9:*.dz=38;5;9:*.gz=38;5;9:*.lrz=38;5;9:*.lz=38;5;9:*.lzo=38;5;9:*.xz=38;5;9:*.bz2=38;5;9:*.bz=38;5;9:*.tbz=38;5;9:*.tbz2=38;5;9:*.tz=38;5;9:*.deb=38;5;9:*.rpm=38;5;9:*.jar=38;5;9:*.war=38;5;9:*.ear=38;5;9:*.sar=38;5;9:*.rar=38;5;9:*.alz=38;5;9:*.ace=38;5;9:*.zoo=38;5;9:*.cpio=38;5;9:*.7z=38;5;9:*.rz=38;5;9:*.cab=38;5;9:*.jpg=38;5;13:*.jpeg=38;5;13:*.gif=38;5;13:*.bmp=38;5;13:*.pbm=38;5;13:*.pgm=38;5;13:*.ppm=38;5;13:*.tga=38;5;13:*.xbm=38;5;13:*.xpm=38;5;13:*.tif=38;5;13:*.tiff=38;5;13:*.png=38;5;13:*.svg=38;5;13:*.svgz=38;5;13:*.mng=38;5;13:*.pcx=38;5;13:*.mov=38;5;13:*.mpg=38;5;13:*.mpeg=38;5;13:*.m2v=38;5;13:*.mkv=38;5;13:*.webm=38;5;13:*.ogm=38;5;13:*.mp4=38;5;13:*.m4v=38;5;13:*.mp4v=38;5;13:*.vob=38;5;13:*.qt=38;5;13:*.nuv=38;5;13:*.wmv=38;5;13:*.asf=38;5;13:*.rm=38;5;13:*.rmvb=38;5;13:*.flc=38;5;13:*.avi=38;5;13:*.fli=38;5;13:*.flv=38;5;13:*.gl=38;5;13:*.dl=38;5;13:*.xcf=38;5;13:*.xwd=38;5;13:*.yuv=38;5;13:*.cgm=38;5;13:*.emf=38;5;13:*.axv=38;5;13:*.anx=38;5;13:*.ogv=38;5;13:*.ogx=38;5;13:*.aac=38;5;45:*.au=38;5;45:*.flac=38;5;45:*.mid=38;5;45:*.midi=38;5;45:*.mka=38;5;45:*.mp3=38;5;45:*.mpc=38;5;45:*.ogg=38;5;45:*.ra=38;5;45:*.wav=38;5;45:*.axa=38;5;45:*.oga=38;5;45:*.spx=38;5;45:*.xspf=38;5;45:
SNPSLMD_LICENSE_FILE=30000@eda
MAIL=/var/spool/mail/user123
PATH=/usr/lib64/qt-3.3/bin:/usr/local/bin:/usr/bin:/usr/local/sbin:/usr/sbin:/home/eda/synopsys/scl/2021.03/linux64/bin:/home/eda/synopsys/icc/T-2022.03/bin:/home/eda/synopsys/syn/R-2020.09-SP4/bin:/home/eda/synopsys/vcs/T-2022.06/bin:/home/eda/synopsys/verdi/T-2022.06/bin:/opt/synopsys/prime/T-2022.03/bin:/home/user123/.local/bin:/home/user123/bin
PT_HOME=/opt/synopsys/prime/T-2022.03
VERDI_HOME=/home/eda/synopsys/verdi/T-2022.06
PWD=/home/user123/Desktop/ASIC/icc/output
VCS_HOME=/home/eda/synopsys/vcs/T-2022.06
LANG=en_US.UTF-8
ICC_HOME=/home/eda/synopsys/icc/T-2022.03
SELINUX_LEVEL_REQUESTED=
HISTCONTROL=ignoredups
SHLVL=1
HOME=/home/user123
DC_HOME=/home/eda/synopsys/syn/R-2020.09-SP4
LOGNAME=user123
QTLIB=/usr/lib64/qt-3.3/lib
XDG_DATA_DIRS=/home/user123/.local/share/flatpak/exports/share:/var/lib/flatpak/exports/share:/usr/local/share:/usr/share
SSH_CONNECTION=10.29.124.72 4759 10.112.161.126 22
LESSOPEN=||/usr/bin/lesspipe.sh %s
SCL_HOME=/home/eda/synopsys/scl/2021.03/linux64
XDG_RUNTIME_DIR=/run/user/1537
OLDPWD=/home/user123/Desktop/ASIC/icc/run
_=./simv
VCS_PATHMAP_PRELOAD_DONE=1
VCS_STACK_EXEC=true
VCS_EXEC_DONE=1
LC_ALL=C
DVE=/home/eda/synopsys/vcs/T-2022.06/gui/dve
SPECMAN_OUTPUT_TO_TTY=1
FLEXLM_BORROWFILE=/home/user123/.eda-borrow.txt
Runtime command line arguments:
argv[0]=./simv
argv[1]=-R
argv[2]=+fsdb
196 profile - 100
          CPU/Mem usage: 0.040 sys,  0.280 user,  267.98M mem
197 Elapsed time:    0:00:01    Fri Nov 28 20:10:32 2025
198 User CPU time used: 0 seconds
199 System CPU time used: 0 seconds
200 pliAppInit
201 [SC]Init: MemoryConsumed=0.00MB ElapsedTime=0hour 0min. 0sec.
202 FSDB_GATE is set.
203 FSDB_RTL is set.
204 FSDB_ALIAS_ARRAY_ELEM is set to 4294967295.
205 Enable Parallel Dumping.
206 pliAppMiscSet: New Sim Round
207 pliEntryInit
208 LIBSSCORE=found /home/eda/synopsys/verdi/T-2022.06/share/PLI/lib/LINUXAMD64/libsscore_vcs202206.so through $NOVAS_HOME setting.
209 FSDB Dumper for VCS, Release Verdi_T-2022.06, Linux x86_64/64bit, 05/29/2022
210 (C) 1996 - 2022 by Synopsys, Inc.
211 sps_call_fsdbDumpfile_main at 0 : control_test.v(119)
212 argv[0]: (control.fsdb)
213 *Verdi* FSDB WARNING: The FSDB file already exists. Overwriting the FSDB file may crash the programs that are using this file.
214 *Verdi* : Create FSDB file 'control.fsdb'
215 [spi_vcs_vd_ppi_create_root]: no upf option
216 compile option from '/home/user123/Desktop/ASIC/icc/output/simv.daidir/vcs_rebuild'.
217   "vcs '-full64' '-v' 'smic13g.v' '-v' 'SP013D3_V1p2.v' 'control_test.v' 'control_pad_final.v' '-debug_access' '-timescale=1ns/1ns' '-o' 'simv' '+define+FSDB' '-R' 2>&1"
218 DVDI_is_vir_unload_enabled is enable
219 FSDB_VCS_ENABLE_NATIVE_VC is enable
220 sps_call_fsdbDumpvars_vd_main at 0 : control_test.v(120)
221 argv[0]: (0)
222 argv[1]: (handle) control_test
223 *Verdi* : Begin traversing the scope (control_test), layer (0).
224 *Verdi* : End of traversing.
225 pliAppHDL_DumpVarComplete traverse var: profile - 
          CPU/Mem usage: 0.050 sys,  0.280 user,  368.69M mem
                   incr: 0.000 sys,  0.000 user,  8.44M mem
                   accu: 0.000 sys,  0.000 user,  8.44M mem
              accu incr: 0.000 sys,  0.000 user,  8.44M mem

          Count usage: 62 var,  62 idcode,  53 callback
                 incr: 62 var,  62 idcode,  53 callback
                 accu: 62 var,  62 idcode,  53 callback
            accu incr: 62 var,  62 idcode,  53 callback
226 Elapsed time:    0:00:01    Fri Nov 28 20:10:32 2025
227 User CPU time used: 0 seconds
228 System CPU time used: 0 seconds
229 pliAppHDL_DumpVarComplete: profile - 
          CPU/Mem usage: 0.050 sys,  0.280 user,  369.74M mem
                   incr: 0.000 sys,  0.000 user,  1.05M mem
                   accu: 0.000 sys,  0.000 user,  9.49M mem
              accu incr: 0.000 sys,  0.000 user,  1.05M mem

          Count usage: 62 var,  62 idcode,  53 callback
                 incr: 0 var,  0 idcode,  0 callback
                 accu: 62 var,  62 idcode,  53 callback
            accu incr: 0 var,  0 idcode,  0 callback
230 Elapsed time:    0:00:01    Fri Nov 28 20:10:32 2025
231 User CPU time used: 0 seconds
232 System CPU time used: 0 seconds
233 End of simulation at 2590000
234 Memory usage: 438.956 M
235 Maximum resident set size: 156 MB
236 Hard page faults: 0
237 Soft page faults: 26099
238 Elapsed time:    0:00:03    Fri Nov 28 20:10:34 2025
239 User CPU time used: 0 seconds
240 System CPU time used: 0 seconds
241 Begin FSDB profile info:
242 FSDB Writer : bc1(1637) bcn(169) mtf/stf(0/0)
FSDB Writer elapsed time : flush(0.022766) io wait(0.000000) theadpool wait(0.000000)
FSDB Writer cpu time : MT Compression : 0
243 End FSDB profile info
244 FSDB closed. Name: control.fsdb Size: 11381
245 Parallel profile     - ProducerThread:1 ConsumerThread:1 Buffer:64MB
246                      - BlockUsed:1 Acquire:2454 BufferUsed:28133
247                      - Flush:3 Expand:0 ProducerWait:0 ConsumerWait:0
248                      - MainProducerTime:0.358452470 TotalConsumerTime:0.000000000
249                      - ElapsedTime:2.032576000
250 Producer   0 profile - BlockUsed:1 Acquire:2454 BufferUsed:28133
251 Consumer   0 profile - Affinity:-1 CPUTime:0.000000000 LifeTime:0.000000000 (-nan%)
252                      - BlockUsed:1 Acquire:2454 BufferUsed:28133
253 SimExit
254 Elapsed time:    0:00:03    Fri Nov 28 20:10:34 2025
255 User CPU time used: 0 seconds
256 System CPU time used: 0 seconds
257 Sim process exit
