/home/eda/synopsys/icc/T-2022.03/auxx/gui_legacy/icc/icc_setup.tcl
/home/eda/synopsys/icc/T-2022.03/auxx/gui_legacy/syn/snpsSynProcs.tcl
/home/eda/synopsys/icc/T-2022.03/auxx/gui_legacy/syn/layout/pkgIndex.tcl
/home/eda/synopsys/icc/T-2022.03/auxx/gui_legacy/common/WindowFrameWork/pkgIndex.tcl
/home/eda/synopsys/icc/T-2022.03/auxx/gui_legacy/common/acg/pkgIndex.tcl
/home/eda/synopsys/icc/T-2022.03/auxx/gui_legacy/common/commandform/pkgIndex.tcl
/home/eda/synopsys/icc/T-2022.03/auxx/gui_legacy/common/dialogs/pkgIndex.tcl
/home/eda/synopsys/icc/T-2022.03/auxx/gui_legacy/common/docBrowser/pkgIndex.tcl
/home/eda/synopsys/icc/T-2022.03/auxx/gui_legacy/common/fanoutviewer/pkgIndex.tcl
/home/eda/synopsys/icc/T-2022.03/auxx/gui_legacy/common/hierarchy/pkgIndex.tcl
/home/eda/synopsys/icc/T-2022.03/auxx/gui_legacy/common/highlight/pkgIndex.tcl
/home/eda/synopsys/icc/T-2022.03/auxx/gui_legacy/common/histogram/pkgIndex.tcl
/home/eda/synopsys/icc/T-2022.03/auxx/gui_legacy/common/layout/pkgIndex.tcl
/home/eda/synopsys/icc/T-2022.03/auxx/gui_legacy/common/libviewer/pkgIndex.tcl
/home/eda/synopsys/icc/T-2022.03/auxx/gui_legacy/common/menus/pkgIndex.tcl
/home/eda/synopsys/icc/T-2022.03/auxx/gui_legacy/common/misc/pkgIndex.tcl
/home/eda/synopsys/icc/T-2022.03/auxx/gui_legacy/common/mrupalette/pkgIndex.tcl
/home/eda/synopsys/icc/T-2022.03/auxx/gui_legacy/common/opdlg/pkgIndex.tcl
/home/eda/synopsys/icc/T-2022.03/auxx/gui_legacy/common/palettegroup/pkgIndex.tcl
/home/eda/synopsys/icc/T-2022.03/auxx/gui_legacy/common/pathinspector/pkgIndex.tcl
/home/eda/synopsys/icc/T-2022.03/auxx/gui_legacy/common/profiler/pkgIndex.tcl
/home/eda/synopsys/icc/T-2022.03/auxx/gui_legacy/common/qtcl/pkgIndex.tcl
/home/eda/synopsys/icc/T-2022.03/auxx/gui_legacy/common/regressionToolkit/pkgIndex.tcl
/home/eda/synopsys/icc/T-2022.03/auxx/gui_legacy/common/schematic/pkgIndex.tcl
/home/eda/synopsys/icc/T-2022.03/auxx/gui_legacy/common/select/pkgIndex.tcl
/home/eda/synopsys/icc/T-2022.03/auxx/gui_legacy/common/setup/pkgIndex.tcl
/home/eda/synopsys/icc/T-2022.03/auxx/gui_legacy/common/strokes/pkgIndex.tcl
/home/eda/synopsys/icc/T-2022.03/auxx/gui_legacy/common/table/pkgIndex.tcl
/home/eda/synopsys/icc/T-2022.03/auxx/gui_legacy/common/tcl-dp/pkgIndex.tcl
/home/eda/synopsys/icc/T-2022.03/auxx/gui_legacy/common/tiledview/pkgIndex.tcl
/home/eda/synopsys/icc/T-2022.03/auxx/gui_legacy/common/timing/pkgIndex.tcl
/home/eda/synopsys/icc/T-2022.03/auxx/gui_legacy/common/tq/pkgIndex.tcl
/home/eda/synopsys/icc/T-2022.03/auxx/gui_legacy/common/view/pkgIndex.tcl
/home/eda/synopsys/icc/T-2022.03/auxx/gui_legacy/dv/pkgIndex.tcl
/home/eda/synopsys/icc/T-2022.03/auxx/syn/ors/pkgIndex.tcl
/home/eda/synopsys/icc/T-2022.03/auxx/tcllib/lib/itcl4.2.1/pkgIndex.tcl
/home/eda/synopsys/icc/T-2022.03/auxx/tcllib/lib/iwidgets4.1/pkgIndex.tcl
/home/eda/synopsys/icc/T-2022.03/auxx/tcllib/snps_tcl/snpsTclPro/pkgIndex.tcl
/home/eda/synopsys/icc/T-2022.03/auxx/tcllib/snps_tcl/snpsTest/pkgIndex.tcl
/home/eda/synopsys/icc/T-2022.03/auxx/tcllib/snps_tcl/snpsUtils/pkgIndex.tcl
/home/eda/synopsys/icc/T-2022.03/auxx/tcllib/snps_tcl/pkgIndex.tcl
/home/eda/synopsys/icc/T-2022.03/auxx/tcllib/lib/tcl8.6/dde/pkgIndex.tcl
/home/eda/synopsys/icc/T-2022.03/auxx/tcllib/lib/tcl8.6/http/pkgIndex.tcl
/home/eda/synopsys/icc/T-2022.03/auxx/tcllib/lib/tcl8.6/http1.0/pkgIndex.tcl
/home/eda/synopsys/icc/T-2022.03/auxx/tcllib/lib/tcl8.6/msgcat/pkgIndex.tcl
/home/eda/synopsys/icc/T-2022.03/auxx/tcllib/lib/tcl8.6/opt/pkgIndex.tcl
/home/eda/synopsys/icc/T-2022.03/auxx/tcllib/lib/tcl8.6/platform/pkgIndex.tcl
/home/eda/synopsys/icc/T-2022.03/auxx/tcllib/lib/tcl8.6/reg/pkgIndex.tcl
/home/eda/synopsys/icc/T-2022.03/auxx/tcllib/lib/tcl8.6/tcltest/pkgIndex.tcl
/home/eda/synopsys/icc/T-2022.03/auxx/gui_legacy/common/setup/snpsCommonSetup.tcl
/home/eda/synopsys/icc/T-2022.03/auxx/gui_legacy/common/setup/snpsCustomize.tcl
/home/eda/synopsys/icc/T-2022.03/auxx/gui_legacy/common/setup/snpsProcheck.tcl
/home/eda/synopsys/icc/T-2022.03/auxx/gui_legacy/common/qtcl/.synopsys_qtcl.tcl
/home/eda/synopsys/icc/T-2022.03/auxx/gui_legacy/common/highlight/highlight.tcl
/home/eda/synopsys/icc/T-2022.03/auxx/gui_legacy/common/misc/base.tcl
/home/eda/synopsys/icc/T-2022.03/auxx/gui_legacy/common/misc/timing.tcl
/home/eda/synopsys/icc/T-2022.03/auxx/gui_legacy/common/misc/setting.tcl
/home/eda/synopsys/icc/T-2022.03/auxx/gui_legacy/common/misc/preset.tcl
/home/eda/synopsys/icc/T-2022.03/auxx/gui_legacy/common/WindowFrameWork/windowFrameWork.tcl
/home/eda/synopsys/icc/T-2022.03/auxx/gui_legacy/common/WindowFrameWork/skipBusyCursorCmdList.tcl
/home/eda/synopsys/icc/T-2022.03/auxx/gui_legacy/common/docBrowser/docBrowser.tcl
/home/eda/synopsys/icc/T-2022.03/auxx/tcllib/snps_tcl/snpsUtils/snpsUtils.tcl
/home/eda/synopsys/icc/T-2022.03/auxx/gui_legacy/common/dialogs/ObjectChooser.tcl
/home/eda/synopsys/icc/T-2022.03/auxx/gui_legacy/common/misc/DialogObjectChooser.tcl
/home/eda/synopsys/icc/T-2022.03/auxx/gui_legacy/common/dialogs/HistBinInformation.tcl
/home/eda/synopsys/icc/T-2022.03/auxx/gui_legacy/common/dialogs/HistBin1Information.tcl
/home/eda/synopsys/icc/T-2022.03/auxx/gui_legacy/common/dialogs/BinsOnlyInformation.tcl
/home/eda/synopsys/icc/T-2022.03/auxx/gui_legacy/common/dialogs/FileChooser.tcl
/home/eda/synopsys/icc/T-2022.03/auxx/gui_legacy/common/dialogs/PathPinSimpleInfo.tcl
/home/eda/synopsys/icc/T-2022.03/auxx/gui_legacy/common/dialogs/PathsBasicInfo.tcl
/home/eda/synopsys/icc/T-2022.03/auxx/gui_legacy/common/dialogs/PathsBasicSimpleInfo.tcl
/home/eda/synopsys/icc/T-2022.03/auxx/gui_legacy/common/dialogs/SlctOperationInfo.tcl
/home/eda/synopsys/icc/T-2022.03/auxx/gui_legacy/common/dialogs/ObjectListInfo.tcl
/home/eda/synopsys/icc/T-2022.03/auxx/gui_legacy/common/dialogs/FanInOutInfo.tcl
/home/eda/synopsys/icc/T-2022.03/auxx/gui_legacy/common/dialogs/NumberOfLevelsChooser.tcl
/home/eda/synopsys/icc/T-2022.03/auxx/gui_legacy/common/dialogs/WindowReuseInfo.tcl
/home/eda/synopsys/icc/T-2022.03/auxx/gui_legacy/common/dialogs/ReportOutputOptionInfo.tcl
/home/eda/synopsys/icc/T-2022.03/auxx/gui_legacy/common/setup/snpsCollections.tcl
/home/eda/synopsys/icc/T-2022.03/auxx/gui_legacy/common/dialogs/CompileLinkDesign.tcl
/home/eda/synopsys/icc/T-2022.03/auxx/gui_legacy/common/histogram/DialogEndpointSlack.tcl
/home/eda/synopsys/icc/T-2022.03/auxx/gui_legacy/common/histogram/DialogPathsSlack.tcl
/home/eda/synopsys/icc/T-2022.03/auxx/gui_legacy/common/histogram/DialogNetCapacitance.tcl
/home/eda/synopsys/icc/T-2022.03/auxx/gui_legacy/common/schematic/DialogPathSchematicFanInOut.tcl
/home/eda/synopsys/icc/T-2022.03/auxx/gui_legacy/common/schematic/DialogPathSchematicAddPaths.tcl
/home/eda/synopsys/icc/T-2022.03/auxx/gui_legacy/common/layout/preferences.tcl
/home/user123/Desktop/ASIC/icc/run/spef.tcl
/home/user123/Desktop/ASIC/icc/rm_setup/icrm_setup.tcl
/home/user123/Desktop/ASIC/icc/rm_setup/icc_setup.tcl
/home/user123/Desktop/ASIC/icc/rm_setup/common_setup.tcl
/home/user123/Desktop/ASIC/icc/rm_setup/procs.tcl
/home/user123/Desktop/ASIC/icc/run/control_pad.mw
/home/eda/lib/smic/aci/sc-x/apollo/smic13g
/home/eda/lib/smic/SP013D3_V1p4/apollo/SP013D3_V1p2_8MT
/home/eda/lib/smic/aci/sc-x/synopsys/typical_1v2c25.db
/home/eda/lib/smic/SP013D3_V1p4/syn/SP013D3_V1p2_typ.db
/home/eda/synopsys/icc/T-2022.03/libraries/syn/gtech.db
/home/eda/synopsys/icc/T-2022.03/libraries/syn/standard.sldb
/home/eda/lib/smic/aci/sc-x/synopsys/typical_1v2c25.db
/home/eda/lib/smic/SP013D3_V1p4/syn/SP013D3_V1p2_typ.db
/home/eda/synopsys/icc/T-2022.03/libraries/syn/gtech.db
/home/eda/synopsys/icc/T-2022.03/auxx/tcllib/lib/tk8.6/tk.tcl
/home/eda/synopsys/icc/T-2022.03/auxx/tcllib/lib/tcl8.6/msgcat/msgcat.tcl
/home/eda/synopsys/icc/T-2022.03/auxx/tcllib/lib/tk8.6/icons.tcl
/home/eda/synopsys/icc/T-2022.03/auxx/tcllib/lib/tk8.6/button.tcl
/home/eda/synopsys/icc/T-2022.03/auxx/tcllib/lib/tk8.6/entry.tcl
/home/eda/synopsys/icc/T-2022.03/auxx/tcllib/lib/tk8.6/listbox.tcl
/home/eda/synopsys/icc/T-2022.03/auxx/tcllib/lib/tk8.6/menu.tcl
/home/eda/synopsys/icc/T-2022.03/auxx/tcllib/lib/tk8.6/panedwindow.tcl
/home/eda/synopsys/icc/T-2022.03/auxx/tcllib/lib/tk8.6/scale.tcl
/home/eda/synopsys/icc/T-2022.03/auxx/tcllib/lib/tk8.6/scrlbar.tcl
/home/eda/synopsys/icc/T-2022.03/auxx/tcllib/lib/tk8.6/spinbox.tcl
/home/eda/synopsys/icc/T-2022.03/auxx/tcllib/lib/tk8.6/text.tcl
/home/eda/synopsys/icc/T-2022.03/auxx/tcllib/lib/tk8.6/ttk/ttk.tcl
/home/eda/synopsys/icc/T-2022.03/auxx/tcllib/lib/tk8.6/ttk/fonts.tcl
/home/eda/synopsys/icc/T-2022.03/auxx/tcllib/lib/tk8.6/ttk/cursors.tcl
/home/eda/synopsys/icc/T-2022.03/auxx/tcllib/lib/tk8.6/ttk/utils.tcl
/home/eda/synopsys/icc/T-2022.03/auxx/tcllib/lib/tk8.6/ttk/button.tcl
/home/eda/synopsys/icc/T-2022.03/auxx/tcllib/lib/tk8.6/ttk/menubutton.tcl
/home/eda/synopsys/icc/T-2022.03/auxx/tcllib/lib/tk8.6/ttk/scrollbar.tcl
/home/eda/synopsys/icc/T-2022.03/auxx/tcllib/lib/tk8.6/ttk/scale.tcl
/home/eda/synopsys/icc/T-2022.03/auxx/tcllib/lib/tk8.6/ttk/progress.tcl
/home/eda/synopsys/icc/T-2022.03/auxx/tcllib/lib/tk8.6/ttk/notebook.tcl
/home/eda/synopsys/icc/T-2022.03/auxx/tcllib/lib/tk8.6/ttk/panedwindow.tcl
/home/eda/synopsys/icc/T-2022.03/auxx/tcllib/lib/tk8.6/ttk/entry.tcl
/home/eda/synopsys/icc/T-2022.03/auxx/tcllib/lib/tk8.6/ttk/combobox.tcl
/home/eda/synopsys/icc/T-2022.03/auxx/tcllib/lib/tk8.6/ttk/spinbox.tcl
/home/eda/synopsys/icc/T-2022.03/auxx/tcllib/lib/tk8.6/ttk/treeview.tcl
/home/eda/synopsys/icc/T-2022.03/auxx/tcllib/lib/tk8.6/ttk/sizegrip.tcl
/home/eda/synopsys/icc/T-2022.03/auxx/tcllib/lib/tk8.6/ttk/defaults.tcl
/home/eda/synopsys/icc/T-2022.03/auxx/tcllib/lib/tk8.6/ttk/classicTheme.tcl
/home/eda/synopsys/icc/T-2022.03/auxx/tcllib/lib/tk8.6/ttk/altTheme.tcl
/home/eda/synopsys/icc/T-2022.03/auxx/tcllib/lib/tk8.6/ttk/clamTheme.tcl
/home/eda/synopsys/icc/T-2022.03/auxx/tcllib/lib/tix8.4.3/Init.tcl
/home/eda/synopsys/icc/T-2022.03/auxx/tcllib/lib/tix8.4.3/fs.tcl
/home/eda/synopsys/icc/T-2022.03/auxx/tcllib/lib/tix8.4.3/Tix.tcl
/home/eda/synopsys/icc/T-2022.03/auxx/tcllib/lib/tix8.4.3/Event.tcl
/home/eda/synopsys/icc/T-2022.03/auxx/tcllib/lib/tix8.4.3/Balloon.tcl
/home/eda/synopsys/icc/T-2022.03/auxx/tcllib/lib/tix8.4.3/BtnBox.tcl
/home/eda/synopsys/icc/T-2022.03/auxx/tcllib/lib/tix8.4.3/CObjView.tcl
/home/eda/synopsys/icc/T-2022.03/auxx/tcllib/lib/tix8.4.3/ChkList.tcl
/home/eda/synopsys/icc/T-2022.03/auxx/tcllib/lib/tix8.4.3/ComboBox.tcl
/home/eda/synopsys/icc/T-2022.03/auxx/tcllib/lib/tk8.6/unsupported.tcl
/home/eda/synopsys/icc/T-2022.03/auxx/tcllib/lib/tix8.4.3/Compat.tcl
/home/eda/synopsys/icc/T-2022.03/auxx/tcllib/lib/tix8.4.3/Console.tcl
/home/eda/synopsys/icc/T-2022.03/auxx/tcllib/lib/tix8.4.3/Control.tcl
/home/eda/synopsys/icc/T-2022.03/auxx/tcllib/lib/tix8.4.3/DefSchm.tcl
/home/eda/synopsys/icc/T-2022.03/auxx/tcllib/lib/tix8.4.3/DialogS.tcl
/home/eda/synopsys/icc/T-2022.03/auxx/tcllib/lib/tix8.4.3/DirBox.tcl
/home/eda/synopsys/icc/T-2022.03/auxx/tcllib/lib/tix8.4.3/DirDlg.tcl
/home/eda/synopsys/icc/T-2022.03/auxx/tcllib/lib/tix8.4.3/DirList.tcl
/home/eda/synopsys/icc/T-2022.03/auxx/tcllib/lib/tix8.4.3/DirTree.tcl
/home/eda/synopsys/icc/T-2022.03/auxx/tcllib/lib/tix8.4.3/DragDrop.tcl
/home/eda/synopsys/icc/T-2022.03/auxx/tcllib/lib/tix8.4.3/DtlList.tcl
/home/eda/synopsys/icc/T-2022.03/auxx/tcllib/lib/tix8.4.3/EFileBox.tcl
/home/eda/synopsys/icc/T-2022.03/auxx/tcllib/lib/tix8.4.3/EFileDlg.tcl
/home/eda/synopsys/icc/T-2022.03/auxx/tcllib/lib/tix8.4.3/FileBox.tcl
/home/eda/synopsys/icc/T-2022.03/auxx/tcllib/lib/tix8.4.3/FileCbx.tcl
/home/eda/synopsys/icc/T-2022.03/auxx/tcllib/lib/tix8.4.3/FileDlg.tcl
/home/eda/synopsys/icc/T-2022.03/auxx/tcllib/lib/tix8.4.3/FileEnt.tcl
/home/eda/synopsys/icc/T-2022.03/auxx/tcllib/lib/tix8.4.3/FloatEnt.tcl
/home/eda/synopsys/icc/T-2022.03/auxx/tcllib/lib/tix8.4.3/Grid.tcl
/home/eda/synopsys/icc/T-2022.03/auxx/tcllib/lib/tix8.4.3/HList.tcl
/home/eda/synopsys/icc/T-2022.03/auxx/tcllib/lib/tix8.4.3/HListDD.tcl
/home/eda/synopsys/icc/T-2022.03/auxx/tcllib/lib/tix8.4.3/IconView.tcl
/home/eda/synopsys/icc/T-2022.03/auxx/tcllib/lib/tix8.4.3/LabEntry.tcl
/home/eda/synopsys/icc/T-2022.03/auxx/tcllib/lib/tix8.4.3/LabFrame.tcl
/home/eda/synopsys/icc/T-2022.03/auxx/tcllib/lib/tix8.4.3/LabWidg.tcl
/home/eda/synopsys/icc/T-2022.03/auxx/tcllib/lib/tix8.4.3/ListNBk.tcl
/home/eda/synopsys/icc/T-2022.03/auxx/tcllib/lib/tix8.4.3/Meter.tcl
/home/eda/synopsys/icc/T-2022.03/auxx/tcllib/lib/tix8.4.3/MultView.tcl
/home/eda/synopsys/icc/T-2022.03/auxx/tcllib/lib/tix8.4.3/NoteBook.tcl
/home/eda/synopsys/icc/T-2022.03/auxx/tcllib/lib/tix8.4.3/OldUtil.tcl
/home/eda/synopsys/icc/T-2022.03/auxx/tcllib/lib/tix8.4.3/OptMenu.tcl
/home/eda/synopsys/icc/T-2022.03/auxx/tcllib/lib/tix8.4.3/PanedWin.tcl
/home/eda/synopsys/icc/T-2022.03/auxx/tcllib/lib/tix8.4.3/PopMenu.tcl
/home/eda/synopsys/icc/T-2022.03/auxx/tcllib/lib/tix8.4.3/Primitiv.tcl
/home/eda/synopsys/icc/T-2022.03/auxx/tcllib/lib/tix8.4.3/ResizeH.tcl
/home/eda/synopsys/icc/T-2022.03/auxx/tcllib/lib/tix8.4.3/SGrid.tcl
/home/eda/synopsys/icc/T-2022.03/auxx/tcllib/lib/tix8.4.3/SHList.tcl
/home/eda/synopsys/icc/T-2022.03/auxx/tcllib/lib/tix8.4.3/SListBox.tcl
/home/eda/synopsys/icc/T-2022.03/auxx/tcllib/lib/tix8.4.3/STList.tcl
/home/eda/synopsys/icc/T-2022.03/auxx/tcllib/lib/tix8.4.3/SText.tcl
/home/eda/synopsys/icc/T-2022.03/auxx/tcllib/lib/tix8.4.3/SWidget.tcl
/home/eda/synopsys/icc/T-2022.03/auxx/tcllib/lib/tix8.4.3/SWindow.tcl
/home/eda/synopsys/icc/T-2022.03/auxx/tcllib/lib/tix8.4.3/Select.tcl
/home/eda/synopsys/icc/T-2022.03/auxx/tcllib/lib/tix8.4.3/Shell.tcl
/home/eda/synopsys/icc/T-2022.03/auxx/tcllib/lib/tix8.4.3/SimpDlg.tcl
/home/eda/synopsys/icc/T-2022.03/auxx/tcllib/lib/tix8.4.3/StackWin.tcl
/home/eda/synopsys/icc/T-2022.03/auxx/tcllib/lib/tix8.4.3/StatBar.tcl
/home/eda/synopsys/icc/T-2022.03/auxx/tcllib/lib/tix8.4.3/StdBBox.tcl
/home/eda/synopsys/icc/T-2022.03/auxx/tcllib/lib/tix8.4.3/StdShell.tcl
/home/eda/synopsys/icc/T-2022.03/auxx/tcllib/lib/tix8.4.3/TList.tcl
/home/eda/synopsys/icc/T-2022.03/auxx/tcllib/lib/tix8.4.3/Tree.tcl
/home/eda/synopsys/icc/T-2022.03/auxx/tcllib/lib/tix8.4.3/Utils.tcl
/home/eda/synopsys/icc/T-2022.03/auxx/tcllib/lib/tix8.4.3/VResize.tcl
/home/eda/synopsys/icc/T-2022.03/auxx/tcllib/lib/tix8.4.3/VStack.tcl
/home/eda/synopsys/icc/T-2022.03/auxx/tcllib/lib/tix8.4.3/VTree.tcl
/home/eda/synopsys/icc/T-2022.03/auxx/tcllib/lib/tix8.4.3/Variable.tcl
/home/eda/synopsys/icc/T-2022.03/auxx/tcllib/lib/tix8.4.3/WInfo.tcl
/home/eda/synopsys/icc/T-2022.03/auxx/gui_legacy/common/tq/snpsTkStyle.tcl
/home/eda/synopsys/icc/T-2022.03/auxx/tcllib/lib/tk8.6/palette.tcl
/home/eda/synopsys/icc/T-2022.03/auxx/tcllib/lib/itk4.1.0/itk.tcl
/home/eda/synopsys/icc/T-2022.03/auxx/tcllib/lib/iwidgets4.1/iwidgets.tcl
/home/eda/synopsys/icc/T-2022.03/auxx/gui_legacy/common/histogram/base.tcl
/home/eda/synopsys/icc/T-2022.03/auxx/gui_legacy/common/profiler/base.tcl
/home/eda/synopsys/icc/T-2022.03/auxx/gui_legacy/common/schematic/base.tcl
/home/eda/synopsys/icc/T-2022.03/auxx/gui_legacy/common/select/baseInternal.tcl
/home/eda/synopsys/icc/T-2022.03/auxx/gui_legacy/common/schematic/enable.tcl
/home/eda/synopsys/icc/T-2022.03/auxx/gui_legacy/common/schematic/netlist.tcl
/home/eda/synopsys/icc/T-2022.03/auxx/gui_legacy/common/schematic/method.tcl
/home/eda/synopsys/icc/T-2022.03/auxx/gui_legacy/common/misc/createViewType.tcl
/home/eda/synopsys/icc/T-2022.03/auxx/gui_legacy/common/misc/GuiMenuEnable.tcl
/home/eda/synopsys/icc/T-2022.03/auxx/gui_legacy/common/menus/base.tcl
/home/eda/synopsys/icc/T-2022.03/auxx/gui_legacy/common/libviewer/base.tcl
/home/eda/synopsys/icc/T-2022.03/auxx/gui_legacy/common/misc/viewmgr.tcl
/home/eda/synopsys/icc/T-2022.03/auxx/gui_legacy/common/pathinspector/base.tcl
/home/eda/synopsys/icc/T-2022.03/auxx/gui_legacy/common/pathinspector/create_window_and_menu.tcl
/home/eda/synopsys/icc/T-2022.03/auxx/gui_legacy/common/misc/viewporthistory.tcl
/home/eda/synopsys/icc/T-2022.03/auxx/gui_legacy/common/misc/infotip.tcl
/home/eda/synopsys/icc/T-2022.03/auxx/gui_legacy/common/timing/base.tcl
/home/eda/synopsys/icc/T-2022.03/auxx/gui_legacy/common/layout/colSrv.tcl
/home/eda/synopsys/icc/T-2022.03/auxx/gui_legacy/common/layout/snpsVM.tcl
/home/eda/synopsys/icc/T-2022.03/auxx/gui_legacy/common/layout/layout.tcl
/home/eda/synopsys/icc/T-2022.03/auxx/gui_legacy/common/layout/snpsLayoutTools.tcl
/home/eda/synopsys/icc/T-2022.03/auxx/gui_legacy/common/layout/layout_layers.tcl
/home/eda/synopsys/icc/T-2022.03/auxx/gui_legacy/common/layout/snpsMM.tcl
/home/eda/synopsys/icc/T-2022.03/auxx/gui_legacy/syn/layout/snpsCellSlackVM.tcl
/home/eda/synopsys/icc/T-2022.03/auxx/gui_legacy/syn/layout/snpsPathsSlackVM.tcl
/home/eda/synopsys/icc/T-2022.03/auxx/gui_legacy/syn/layout/snpsNetCapacitanceVM.tcl
/home/eda/synopsys/icc/T-2022.03/auxx/gui_legacy/syn/layout/snpsClockLTVM.tcl
/home/eda/synopsys/icc/T-2022.03/auxx/gui_legacy/syn/layout/snpsIllegalCellPlacementVM.tcl
/home/eda/synopsys/icc/T-2022.03/auxx/gui_legacy/syn/layout/snpsScanChainVM.tcl
/home/eda/synopsys/icc/T-2022.03/auxx/gui_legacy/syn/layout/snpsVoltageAreaVM.tcl
/home/eda/synopsys/icc/T-2022.03/auxx/gui_legacy/syn/layout/snpsXTalkVM.tcl
/home/eda/synopsys/icc/T-2022.03/auxx/gui_legacy/syn/layout/snpsDeltaDelayVM.tcl
/home/eda/synopsys/icc/T-2022.03/auxx/gui_legacy/syn/layout/snpsNoiseVM.tcl
/home/eda/synopsys/icc/T-2022.03/auxx/gui_legacy/syn/layout/snpsCellDisplacementVM.tcl
/home/eda/synopsys/icc/T-2022.03/auxx/gui_legacy/syn/layout/snpsAreaNetConnectionVM.tcl
/home/eda/synopsys/icc/T-2022.03/auxx/gui_legacy/syn/layout/snpsImportedPathPinsVM.tcl
/home/eda/synopsys/icc/T-2022.03/auxx/gui_legacy/common/fanoutviewer/base.tcl
/home/eda/synopsys/icc/T-2022.03/auxx/gui_legacy/common/hierarchy/base.tcl
/home/eda/synopsys/icc/T-2022.03/auxx/gui_legacy/common/table/table.tcl
/home/eda/synopsys/icc/T-2022.03/auxx/gui_legacy/common/table/table_internal.tcl
/home/eda/synopsys/icc/T-2022.03/auxx/gui_legacy/common/table/table_customize.tcl
/home/eda/synopsys/icc/T-2022.03/auxx/gui_legacy/syn/layout/DialogVMCellSlack.tcl
/home/eda/synopsys/icc/T-2022.03/auxx/gui_legacy/syn/layout/DialogVMNetCapacitance.tcl
/home/eda/synopsys/icc/T-2022.03/auxx/gui_legacy/common/select/DialogSelectFanInOut.tcl
/home/eda/synopsys/icc/T-2022.03/auxx/gui_legacy/icc/hb_setup.tcl
/home/eda/synopsys/icc/T-2022.03/auxx/gui_legacy/icc/nb_setup.tcl
/home/eda/synopsys/icc/T-2022.03/auxx/gui_legacy/common/acg/base.tcl
/home/eda/synopsys/icc/T-2022.03/auxx/syn/fp/ndfa_main.tbc
/home/eda/synopsys/icc/T-2022.03/auxx/syn/fp/bw/pkgIndex.tcl
/home/eda/synopsys/icc/T-2022.03/auxx/tcllib/lib/iwidgets4.1/pkgIndex.tcl
/home/eda/synopsys/icc/T-2022.03/auxx/tcllib/lib/tix8.4.3/pref/pkgIndex.tcl
/home/eda/synopsys/icc/T-2022.03/auxx/gui_legacy/syn/layout/pkgIndex.tcl
/home/eda/synopsys/icc/T-2022.03/auxx/gui_legacy/common/WindowFrameWork/pkgIndex.tcl
/home/eda/synopsys/icc/T-2022.03/auxx/gui_legacy/common/acg/pkgIndex.tcl
/home/eda/synopsys/icc/T-2022.03/auxx/gui_legacy/common/commandform/pkgIndex.tcl
/home/eda/synopsys/icc/T-2022.03/auxx/gui_legacy/common/dialogs/pkgIndex.tcl
/home/eda/synopsys/icc/T-2022.03/auxx/gui_legacy/common/docBrowser/pkgIndex.tcl
/home/eda/synopsys/icc/T-2022.03/auxx/gui_legacy/common/fanoutviewer/pkgIndex.tcl
/home/eda/synopsys/icc/T-2022.03/auxx/gui_legacy/common/hierarchy/pkgIndex.tcl
/home/eda/synopsys/icc/T-2022.03/auxx/gui_legacy/common/highlight/pkgIndex.tcl
/home/eda/synopsys/icc/T-2022.03/auxx/gui_legacy/common/histogram/pkgIndex.tcl
/home/eda/synopsys/icc/T-2022.03/auxx/gui_legacy/common/layout/pkgIndex.tcl
/home/eda/synopsys/icc/T-2022.03/auxx/gui_legacy/common/libviewer/pkgIndex.tcl
/home/eda/synopsys/icc/T-2022.03/auxx/gui_legacy/common/menus/pkgIndex.tcl
/home/eda/synopsys/icc/T-2022.03/auxx/gui_legacy/common/misc/pkgIndex.tcl
/home/eda/synopsys/icc/T-2022.03/auxx/gui_legacy/common/mrupalette/pkgIndex.tcl
/home/eda/synopsys/icc/T-2022.03/auxx/gui_legacy/common/opdlg/pkgIndex.tcl
/home/eda/synopsys/icc/T-2022.03/auxx/gui_legacy/common/palettegroup/pkgIndex.tcl
/home/eda/synopsys/icc/T-2022.03/auxx/gui_legacy/common/pathinspector/pkgIndex.tcl
/home/eda/synopsys/icc/T-2022.03/auxx/gui_legacy/common/profiler/pkgIndex.tcl
/home/eda/synopsys/icc/T-2022.03/auxx/gui_legacy/common/qtcl/pkgIndex.tcl
/home/eda/synopsys/icc/T-2022.03/auxx/gui_legacy/common/regressionToolkit/pkgIndex.tcl
/home/eda/synopsys/icc/T-2022.03/auxx/gui_legacy/common/schematic/pkgIndex.tcl
/home/eda/synopsys/icc/T-2022.03/auxx/gui_legacy/common/select/pkgIndex.tcl
/home/eda/synopsys/icc/T-2022.03/auxx/gui_legacy/common/setup/pkgIndex.tcl
/home/eda/synopsys/icc/T-2022.03/auxx/gui_legacy/common/strokes/pkgIndex.tcl
/home/eda/synopsys/icc/T-2022.03/auxx/gui_legacy/common/table/pkgIndex.tcl
/home/eda/synopsys/icc/T-2022.03/auxx/gui_legacy/common/tcl-dp/pkgIndex.tcl
/home/eda/synopsys/icc/T-2022.03/auxx/gui_legacy/common/tiledview/pkgIndex.tcl
/home/eda/synopsys/icc/T-2022.03/auxx/gui_legacy/common/timing/pkgIndex.tcl
/home/eda/synopsys/icc/T-2022.03/auxx/gui_legacy/common/tq/pkgIndex.tcl
/home/eda/synopsys/icc/T-2022.03/auxx/gui_legacy/common/view/pkgIndex.tcl
/home/eda/synopsys/icc/T-2022.03/auxx/gui_legacy/dv/pkgIndex.tcl
/home/eda/synopsys/icc/T-2022.03/auxx/syn/ors/pkgIndex.tcl
/home/eda/synopsys/icc/T-2022.03/auxx/tcllib/lib/itcl4.2.1/pkgIndex.tcl
/home/eda/synopsys/icc/T-2022.03/auxx/tcllib/snps_tcl/snpsTclPro/pkgIndex.tcl
/home/eda/synopsys/icc/T-2022.03/auxx/tcllib/snps_tcl/snpsTest/pkgIndex.tcl
/home/eda/synopsys/icc/T-2022.03/auxx/tcllib/snps_tcl/snpsUtils/pkgIndex.tcl
/home/eda/synopsys/icc/T-2022.03/auxx/tcllib/snps_tcl/pkgIndex.tcl
/home/eda/synopsys/icc/T-2022.03/auxx/tcllib/lib/tcl8.6/dde/pkgIndex.tcl
/home/eda/synopsys/icc/T-2022.03/auxx/tcllib/lib/tcl8.6/http/pkgIndex.tcl
/home/eda/synopsys/icc/T-2022.03/auxx/tcllib/lib/tcl8.6/http1.0/pkgIndex.tcl
/home/eda/synopsys/icc/T-2022.03/auxx/tcllib/lib/tcl8.6/msgcat/pkgIndex.tcl
/home/eda/synopsys/icc/T-2022.03/auxx/tcllib/lib/tcl8.6/opt/pkgIndex.tcl
/home/eda/synopsys/icc/T-2022.03/auxx/tcllib/lib/tcl8.6/platform/pkgIndex.tcl
/home/eda/synopsys/icc/T-2022.03/auxx/tcllib/lib/tcl8.6/reg/pkgIndex.tcl
/home/eda/synopsys/icc/T-2022.03/auxx/tcllib/lib/tcl8.6/tcltest/pkgIndex.tcl
/home/eda/synopsys/icc/T-2022.03/auxx/syn/fp/bw/widget.tcl
/home/eda/synopsys/icc/T-2022.03/auxx/syn/fp/bw/init.tcl
/home/eda/synopsys/icc/T-2022.03/auxx/syn/fp/bw/utils.tcl
/home/eda/synopsys/icc/T-2022.03/auxx/syn/fp/ndfa_gui.tbc
