 
****************************************
Report : timing
        -path full_clock
        -delay max
        -physical
        -derate
        -input_pins
        -nets
        -max_paths 1
        -transition_time
        -crosstalk_delta
        -capacitance
Design : control_pad
Version: T-2022.03
Date   : Fri Nov 28 20:06:27 2025
****************************************

 * Some/all delay information is back-annotated.

Operating Conditions: typical_1v2c25   Library: typical_1v2c25

  Startpoint: opcode[1] (input port clocked by clk)
  Endpoint: ld_ac (output port clocked by clk)
  Path Group: clk
  Path Type: max

Attributes:
    d - dont_touch
    u - dont_use
   mo - map_only
   so - size_only
    i - ideal_net or ideal_network

  Point                        Fanout       Cap     DTran     Trans     Delta     Derate      Incr       Path      Location / Load        Attributes
  --------------------------------------------------------------------------------------------------------------------------------------------------
  clock clk (rise edge)                                                                      0.000      0.000
  clock network delay (ideal)                                                                0.000      0.000
  input external delay                                                                       0.100      0.100 r
  opcode[1] (in)                                             14.766                          7.882      7.982 r    (283.65,603.56)
  opcode[1] (net)                1        6.780                                              0.000      7.982 r    [0.07,6.78]
  i_opcode_1/PAD (PI)                               0.000    18.457     0.000                0.327 *    8.309 r    (-5.45,389.50)         d u 
  i_opcode_1/C (PI)                                           0.000                          0.163      8.472 r    (196.69,382.63)        d u 
  opcode_pad[1] (net)            3        0.018                                              0.000      8.472 r    [0.01,0.02]
  U13/B (NOR2XL)                                    0.000     0.000     0.000                0.000 *    8.472 r    (234.15,361.59)
  U13/Y (NOR2XL)                                              0.211                          0.128      8.601 f    (234.89,361.65)
  n12 (net)                      3        0.024                                              0.000      8.601 f    [0.02,0.02]
  U14/B (NOR2XL)                                    0.000     0.211     0.000                0.000 *    8.601 f    (270.95,354.21)
  U14/Y (NOR2XL)                                              0.612                          0.400      9.001 r    (271.69,354.27)
  n15 (net)                      3        0.022                                              0.000      9.001 r    [0.01,0.02]
  U26/AN (NOR3BX2)                                  0.000     0.612     0.000                0.000 *    9.001 r    (297.64,358.10)
  U26/Y (NOR3BX2)                                             0.785                          0.518      9.519 r    (299.98,358.19)
  ld_ac_pad (net)                1        0.094                                              0.000      9.519 r    [0.02,0.09]
  i_ld_ac/I (PO8)                                   0.000     0.981     0.000                0.001 *    9.520 r    (407.73,384.92)        d u 
  i_ld_ac/PAD (PO8)                                           0.625                          0.871     10.391 r    (609.87,389.50)        d u 
  ld_ac (net)                    1        0.133                                              0.000     10.391 r    [0.07,0.13]
  ld_ac (out)                                       0.000     0.500     0.000                0.002 *   10.393 r    (320.05,603.80)
  data arrival time                                                                                    10.393

  clock clk (rise edge)                                                                     20.000     20.000
  clock network delay (ideal)                                                                0.000     20.000
  clock uncertainty                                                                         -0.200     19.800
  output external delay                                                                     -1.000     18.800
  data required time                                                                                   18.800
  --------------------------------------------------------------------------------------------------------------------------------------------------
  data required time                                                                                   18.800
  data arrival time                                                                                   -10.393
  --------------------------------------------------------------------------------------------------------------------------------------------------
  slack (MET)                                                                                           8.407


1
